[2026-08-08 22:38:14] 📊 *System Status Report*
⏰ Time: 2026-08-08 22:38:14
💻 CPU: 4.4%
🧠 MEM: 85.3%
💾 DISK: 92.64% used
[2026-08-08 22:38:30] [System Status Report]
Time: 2026-08-08 22:38:30
CPU: 7.7%
MEM: 85.3%
DISK: 92.64% used
[2026-08-08 22:48:31] [System Status Report]
Time: 2026-08-08 22:48:31
CPU: 8.0%
MEM: 85.6%
DISK: 92.64% used
[2026-08-08 22:58:32] [System Status Report]
Time: 2026-08-08 22:58:32
CPU: 8.0%
MEM: 82.0%
DISK: 92.63% used
[2026-08-08 23:08:33] [System Status Report]
Time: 2026-08-08 23:08:33
CPU: 5.4%
MEM: 77.9%
DISK: 92.63% used
[2026-08-08 23:18:34] [System Status Report]
Time: 2026-08-08 23:18:34
CPU: 20.2%
MEM: 81.2%
DISK: 92.64% used
[2026-08-08 23:28:35] [System Status Report]
Time: 2026-08-08 23:28:35
CPU: 7.9%
MEM: 81.7%
DISK: 92.64% used
[2026-08-08 23:38:36] [System Status Report]
Time: 2026-08-08 23:38:36
CPU: 10.7%
MEM: 85.5%
DISK: 92.64% used
[2026-08-08 23:48:37] [System Status Report]
Time: 2026-08-08 23:48:37
CPU: 12.5%
MEM: 78.3%
DISK: 92.64% used
[2026-08-08 23:58:38] [System Status Report]
Time: 2026-08-08 23:58:38
CPU: 14.3%
MEM: 84.1%
DISK: 92.64% used
[2026-08-09 00:08:39] [System Status Report]
Time: 2026-08-09 00:08:39
CPU: 6.5%
MEM: 75.2%
DISK: 92.64% used
[2026-08-09 00:18:40] [System Status Report]
Time: 2026-08-09 00:18:40
CPU: 6.1%
MEM: 74.3%
DISK: 92.64% used
[2026-08-09 00:28:41] [System Status Report]
Time: 2026-08-09 00:28:41
CPU: 4.8%
MEM: 74.1%
DISK: 92.64% used
[2026-08-09 00:38:42] [System Status Report]
Time: 2026-08-09 00:38:42
CPU: 8.0%
MEM: 74.5%
DISK: 92.64% used
[2026-08-09 00:48:43] [System Status Report]
Time: 2026-08-09 00:48:43
CPU: 10.1%
MEM: 73.6%
DISK: 92.64% used
[2026-08-09 00:58:44] [System Status Report]
Time: 2026-08-09 00:58:44
CPU: 8.0%
MEM: 73.2%
DISK: 92.64% used
[2026-08-09 01:08:45] [System Status Report]
Time: 2026-08-09 01:08:45
CPU: 10.4%
MEM: 72.9%
DISK: 92.64% used
[2026-08-09 01:18:46] [System Status Report]
Time: 2026-08-09 01:18:46
CPU: 2.7%
MEM: 84.7%
DISK: 92.64% used
[2026-08-09 01:28:47] [System Status Report]
Time: 2026-08-09 01:28:47
CPU: 1.2%
MEM: 76.1%
DISK: 92.64% used
[2026-08-09 01:38:48] [System Status Report]
Time: 2026-08-09 01:38:48
CPU: 7.3%
MEM: 77.8%
DISK: 92.64% used
[2026-08-09 01:48:49] [System Status Report]
Time: 2026-08-09 01:48:49
CPU: 2.0%
MEM: 76.1%
DISK: 92.64% used
[2026-08-09 01:58:50] [System Status Report]
Time: 2026-08-09 01:58:50
CPU: 9.5%
MEM: 83.7%
DISK: 92.63% used
[2026-08-09 02:08:51] [System Status Report]
Time: 2026-08-09 02:08:51
CPU: 8.6%
MEM: 76.9%
DISK: 92.64% used
[2026-08-09 02:18:52] [System Status Report]
Time: 2026-08-09 02:18:52
CPU: 34.9%
MEM: 78.5%
DISK: 92.64% used
[2026-08-09 02:28:53] [System Status Report]
Time: 2026-08-09 02:28:53
CPU: 48.2%
MEM: 79.0%
DISK: 92.64% used
[2026-08-09 02:38:54] [System Status Report]
Time: 2026-08-09 02:38:54
CPU: 2.7%
MEM: 87.0%
DISK: 92.63% used
[2026-08-09 02:48:55] [System Status Report]
Time: 2026-08-09 02:48:55
CPU: 3.4%
MEM: 78.8%
DISK: 92.63% used
[2026-08-09 02:58:56] [System Status Report]
Time: 2026-08-09 02:58:56
CPU: 9.2%
MEM: 87.3%
DISK: 92.63% used
[2026-08-09 03:08:57] [System Status Report]
Time: 2026-08-09 03:08:57
CPU: 2.4%
MEM: 76.2%
DISK: 92.64% used
[2026-08-09 03:18:58] [System Status Report]
Time: 2026-08-09 03:18:58
CPU: 3.9%
MEM: 75.3%
DISK: 92.64% used
[2026-08-09 03:28:59] [System Status Report]
Time: 2026-08-09 03:28:59
CPU: 4.0%
MEM: 76.4%
DISK: 92.64% used
[2026-08-09 03:39:00] [System Status Report]
Time: 2026-08-09 03:39:00
CPU: 6.3%
MEM: 76.5%
DISK: 92.64% used
[2026-08-09 03:49:01] [System Status Report]
Time: 2026-08-09 03:49:01
CPU: 6.4%
MEM: 76.7%
DISK: 92.64% used
[2026-08-09 03:59:02] [System Status Report]
Time: 2026-08-09 03:59:02
CPU: 1.5%
MEM: 76.5%
DISK: 92.64% used
[2026-08-09 04:09:03] [System Status Report]
Time: 2026-08-09 04:09:03
CPU: 4.3%
MEM: 82.0%
DISK: 92.64% used
[2026-08-09 04:19:04] [System Status Report]
Time: 2026-08-09 04:19:04
CPU: 9.4%
MEM: 77.0%
DISK: 92.64% used
[2026-08-09 04:29:05] [System Status Report]
Time: 2026-08-09 04:29:05
CPU: 5.5%
MEM: 76.1%
DISK: 92.64% used
[2026-08-09 04:39:06] [System Status Report]
Time: 2026-08-09 04:39:06
CPU: 7.2%
MEM: 76.4%
DISK: 92.64% used
[2026-08-09 04:49:07] [System Status Report]
Time: 2026-08-09 04:49:07
CPU: 7.4%
MEM: 77.4%
DISK: 92.64% used
[2026-08-09 04:59:08] [System Status Report]
Time: 2026-08-09 04:59:08
CPU: 6.9%
MEM: 77.1%
DISK: 92.64% used
[2026-08-09 05:09:09] [System Status Report]
Time: 2026-08-09 05:09:09
CPU: 3.5%
MEM: 77.2%
DISK: 92.64% used
[2026-08-09 05:19:10] [System Status Report]
Time: 2026-08-09 05:19:10
CPU: 5.1%
MEM: 77.1%
DISK: 92.64% used
[2026-08-09 05:29:11] [System Status Report]
Time: 2026-08-09 05:29:11
CPU: 1.3%
MEM: 77.0%
DISK: 92.64% used
[2026-08-09 05:39:12] [System Status Report]
Time: 2026-08-09 05:39:12
CPU: 4.0%
MEM: 77.7%
DISK: 92.64% used
[2026-08-09 05:49:13] [System Status Report]
Time: 2026-08-09 05:49:13
CPU: 1.8%
MEM: 77.6%
DISK: 92.64% used
[2026-08-09 05:59:14] [System Status Report]
Time: 2026-08-09 05:59:14
CPU: 4.2%
MEM: 77.4%
DISK: 92.64% used
[2026-08-09 06:09:15] [System Status Report]
Time: 2026-08-09 06:09:15
CPU: 3.5%
MEM: 77.7%
DISK: 92.64% used
[2026-08-09 06:19:16] [System Status Report]
Time: 2026-08-09 06:19:16
CPU: 5.7%
MEM: 78.3%
DISK: 92.64% used
[2026-08-09 06:29:17] [System Status Report]
Time: 2026-08-09 06:29:17
CPU: 2.8%
MEM: 77.5%
DISK: 92.64% used
[2026-08-09 06:39:18] [System Status Report]
Time: 2026-08-09 06:39:18
CPU: 5.4%
MEM: 77.7%
DISK: 92.64% used
[2026-08-09 06:49:19] [System Status Report]
Time: 2026-08-09 06:49:19
CPU: 1.4%
MEM: 77.9%
DISK: 92.64% used
[2026-08-09 06:59:20] [System Status Report]
Time: 2026-08-09 06:59:20
CPU: 7.1%
MEM: 78.0%
DISK: 92.64% used
[2026-08-09 07:09:21] [System Status Report]
Time: 2026-08-09 07:09:21
CPU: 7.2%
MEM: 78.2%
DISK: 92.64% used
[2026-08-09 07:19:22] [System Status Report]
Time: 2026-08-09 07:19:22
CPU: 3.6%
MEM: 78.3%
DISK: 92.64% used
[2026-08-09 07:29:23] [System Status Report]
Time: 2026-08-09 07:29:23
CPU: 2.6%
MEM: 78.2%
DISK: 92.64% used
[2026-08-09 07:39:24] [System Status Report]
Time: 2026-08-09 07:39:24
CPU: 10.0%
MEM: 81.6%
DISK: 92.64% used
[2026-08-09 07:49:25] [System Status Report]
Time: 2026-08-09 07:49:25
CPU: 1.0%
MEM: 84.7%
DISK: 92.64% used
[2026-08-09 07:59:26] [System Status Report]
Time: 2026-08-09 07:59:26
CPU: 3.7%
MEM: 84.2%
DISK: 92.64% used
[2026-08-09 08:09:27] [System Status Report]
Time: 2026-08-09 08:09:27
CPU: 5.1%
MEM: 84.5%
DISK: 92.64% used
[2026-08-09 08:19:28] [System Status Report]
Time: 2026-08-09 08:19:28
CPU: 5.5%
MEM: 83.6%
DISK: 92.64% used
[2026-08-09 08:29:29] [System Status Report]
Time: 2026-08-09 08:29:29
CPU: 6.1%
MEM: 83.4%
DISK: 92.64% used
[2026-08-09 08:39:30] [System Status Report]
Time: 2026-08-09 08:39:30
CPU: 10.2%
MEM: 83.4%
DISK: 92.64% used
[2026-08-09 08:49:31] [System Status Report]
Time: 2026-08-09 08:49:31
CPU: 8.1%
MEM: 83.6%
DISK: 92.64% used
[2026-08-09 08:59:32] [System Status Report]
Time: 2026-08-09 08:59:32
CPU: 6.1%
MEM: 83.4%
DISK: 92.64% used
[2026-08-09 09:09:33] [System Status Report]
Time: 2026-08-09 09:09:33
CPU: 6.1%
MEM: 83.8%
DISK: 92.64% used
[2026-08-09 09:19:34] [System Status Report]
Time: 2026-08-09 09:19:34
CPU: 2.9%
MEM: 83.9%
DISK: 92.64% used
[2026-08-09 09:29:35] [System Status Report]
Time: 2026-08-09 09:29:35
CPU: 8.5%
MEM: 83.6%
DISK: 92.64% used
[2026-08-09 09:39:36] [System Status Report]
Time: 2026-08-09 09:39:36
CPU: 8.2%
MEM: 83.9%
DISK: 92.64% used
[2026-08-09 09:49:38] [System Status Report]
Time: 2026-08-09 09:49:38
CPU: 8.7%
MEM: 85.4%
DISK: 92.64% used
[2026-08-09 09:59:39] [System Status Report]
Time: 2026-08-09 09:59:39
CPU: 8.4%
MEM: 84.3%
DISK: 92.64% used
[2026-08-09 10:09:40] [System Status Report]
Time: 2026-08-09 10:09:40
CPU: 7.6%
MEM: 84.1%
DISK: 92.64% used
[2026-08-09 10:19:41] [System Status Report]
Time: 2026-08-09 10:19:41
CPU: 1.3%
MEM: 85.3%
DISK: 92.64% used
[2026-08-09 10:29:42] [System Status Report]
Time: 2026-08-09 10:29:42
CPU: 5.5%
MEM: 75.7%
DISK: 92.64% used
[2026-08-09 10:39:43] [System Status Report]
Time: 2026-08-09 10:39:43
CPU: 6.6%
MEM: 77.7%
DISK: 92.64% used
[2026-08-09 10:49:44] [System Status Report]
Time: 2026-08-09 10:49:44
CPU: 11.8%
MEM: 77.5%
DISK: 92.64% used
[2026-08-09 10:59:45] [System Status Report]
Time: 2026-08-09 10:59:45
CPU: 2.3%
MEM: 77.1%
DISK: 92.64% used
[2026-08-09 11:09:46] [System Status Report]
Time: 2026-08-09 11:09:46
CPU: 7.3%
MEM: 77.7%
DISK: 92.64% used
[2026-08-09 11:19:47] [System Status Report]
Time: 2026-08-09 11:19:47
CPU: 15.4%
MEM: 76.8%
DISK: 92.64% used
[2026-08-09 11:29:48] [System Status Report]
Time: 2026-08-09 11:29:48
CPU: 8.8%
MEM: 76.2%
DISK: 92.64% used
[2026-08-09 11:39:49] [System Status Report]
Time: 2026-08-09 11:39:49
CPU: 0.5%
MEM: 76.9%
DISK: 92.64% used
[2026-08-09 11:49:50] [System Status Report]
Time: 2026-08-09 11:49:50
CPU: 2.2%
MEM: 77.2%
DISK: 92.64% used
[2026-08-09 11:59:51] [System Status Report]
Time: 2026-08-09 11:59:51
CPU: 7.8%
MEM: 77.1%
DISK: 92.64% used
[2026-08-09 12:09:52] [System Status Report]
Time: 2026-08-09 12:09:52
CPU: 7.4%
MEM: 77.7%
DISK: 92.64% used
[2026-08-09 12:19:53] [System Status Report]
Time: 2026-08-09 12:19:53
CPU: 1.7%
MEM: 77.5%
DISK: 92.64% used
[2026-08-09 12:29:54] [System Status Report]
Time: 2026-08-09 12:29:54
CPU: 1.5%
MEM: 77.6%
DISK: 92.64% used
[2026-08-09 12:39:55] [System Status Report]
Time: 2026-08-09 12:39:55
CPU: 8.6%
MEM: 77.7%
DISK: 92.64% used
[2026-08-09 12:49:56] [System Status Report]
Time: 2026-08-09 12:49:56
CPU: 6.8%
MEM: 77.8%
DISK: 92.64% used
